// Jest Snapshot v1, https://goo.gl/fbAQLP

exports[`Test App component Rendering snapshot 1`] = `
<div
  className="App"
>
  <Switch>
    <Route
      component={[Function]}
      exact={true}
      key="0_/"
      path="/"
    />
    <Route
      component={[Function]}
      key="1_/library"
      path="/library"
    />
    <Route
      component={[Function]}
      key="2_/layout"
      path="/layout"
    />
    <Route
      component={[Function]}
    />
  </Switch>
</div>
`;
