// Jest Snapshot v1, https://goo.gl/fbAQLP

exports[`Test Buttons Rendering snapshot 1`] = `
<button
  className="Button"
  onClick={[Function]}
  onKeyDown={[Function]}
  onKeyPress={[Function]}
  onKeyUp={[Function]}
  type="button"
>
  <span
    className="Button__content"
  >
    test button
  </span>
</button>
`;
